java.io.FileNotFoundException: students_1.txt (The system cannot find the file specified)
java.io.FileNotFoundException: students_3.txt (The system cannot find the file specified)
java.io.FileNotFoundException: students_2.txt (The system cannot find the file specified)
java.io.FileNotFoundException: students_1.txt (The system cannot find the file specified)
java.io.FileNotFoundException: students_3.txt (The system cannot find the file specified)
java.io.FileNotFoundException: students_2.txt (The system cannot find the file specified)
java.io.FileNotFoundException: students_2.txt (The system cannot find the file specified)
java.io.FileNotFoundException: students_1.txt (The system cannot find the file specified)
java.io.FileNotFoundException: students_3.txt (The system cannot find the file specified)
java.io.FileNotFoundException: src\data\students_1.txt (The system cannot find the file specified)
java.io.FileNotFoundException: src\data\students_1.txt (The system cannot find the file specified)
java.io.FileNotFoundException: src\data\students_1.txt (The system cannot find the file specified)
java.io.FileNotFoundException: src\data\students_1.txt (The system cannot find the file specified)
InterruptedException: sleep interrupted
InterruptedException: sleep interrupted
